WARNING: A restricted method in java.lang.System has been called
WARNING: java.lang.System::load has been called by net.rubygrapefruit.platform.internal.NativeLibraryLoader in an unnamed module (file:/C:/Users/Aster/.gradle/wrapper/dists/gradle-9.7.1-bin/1w1c7tv4s851m17nbqdsro2tv/gradle-9.7.1/lib/native-platform-0.22-milestone-29.jar)
WARNING: Use --enable-native-access=ALL-UNNAMED to avoid a warning for callers in this module
WARNING: Restricted methods will be blocked in a future release unless native access is enabled

To honour the JVM settings for this build a single-use Daemon process will be forked. For more on this, please refer to https://docs.gradle.org/9.7.1/userguide/gradle_daemon.html#sec:disabling_the_daemon in the Gradle documentation.
Daemon will be stopped at the end of the build 
Calculating task graph as no cached configuration is available for tasks: :app:assembleDebug
Checking the license for package Android SDK Platform 34 in C:\Users\Aster\AppData\Local\Android\Sdk\licenses
License for package Android SDK Platform 34 accepted.
Preparing "Install Android SDK Platform 34 (revision 3)".
"Install Android SDK Platform 34 (revision 3)" ready.
Installing Android SDK Platform 34 in C:\Users\Aster\AppData\Local\Android\Sdk\platforms\android-34
"Install Android SDK Platform 34 (revision 3)" complete.
"Install Android SDK Platform 34 (revision 3)" finished.
[=========                              ] 25%                                   > Task :app:generateDebugAssets UP-TO-DATE
> Task :app:preBuild UP-TO-DATE
> Task :app:preDebugBuild UP-TO-DATE
> Task :app:mergeDebugNativeDebugMetadata NO-SOURCE
> Task :app:generateDebugResources
> Task :app:packageDebugResources
> Task :app:javaPreCompileDebug
> Task :app:processDebugNavigationResources
> Task :app:mergeDebugAssets
> Task :app:compressDebugAssets
> Task :app:desugarDebugFileDependencies
> Task :app:checkDebugAarMetadata FAILED
> Task :app:parseDebugLocalResources

[Incubating] Problems report is available at: file:///F:/app/TetherPars/app-android/build/reports/problems/problems-report.html

FAILURE: Build failed with an exception.

* What went wrong:
Execution failed for task ':app:checkDebugAarMetadata' (registered by plugin 'com.android.internal.application').
> A failure occurred while executing com.android.build.gradle.internal.tasks.CheckAarMetadataWorkAction
   > 2 issues were found when checking AAR metadata:
     
       1.  Dependency 'androidx.core:core:1.15.0' requires libraries and applications that
           depend on it to compile against version 35 or later of the
           Android APIs.
     
           :app is currently compiled against android-34.
     
           Recommended action: Update this project to use a newer compileSdk
           of at least 35, for example 37.
     
           Note that updating a library or application's compileSdk (which
           allows newer APIs to be used) can be done separately from updating
           targetSdk (which opts the app in to new runtime behavior) and
           minSdk (which determines which devices the app can be installed
           on).
     
       2.  Dependency 'androidx.core:core-ktx:1.15.0' requires libraries and applications that
           depend on it to compile against version 35 or later of the
           Android APIs.
     
           :app is currently compiled against android-34.
     
           Recommended action: Update this project to use a newer compileSdk
           of at least 35, for example 37.
     
           Note that updating a library or application's compileSdk (which
           allows newer APIs to be used) can be done separately from updating
           targetSdk (which opts the app in to new runtime behavior) and
           minSdk (which determines which devices the app can be installed
           on).

* Try:
> Run with --stacktrace option to get the stack trace.
> Run with --info or --debug option to get more log output.
> Run with --scan to get full insights from a Build Scan (powered by Develocity).
> Get more help at https://help.gradle.org.

Deprecated Gradle features were used in this build, making it incompatible with Gradle 10.

You can use '--warning-mode all' to show the individual deprecation warnings and determine if they come from your own scripts or plugins.

For more on this, please refer to https://docs.gradle.org/9.7.1/userguide/command_line_interface.html#sec:command_line_warnings in the Gradle documentation.

BUILD FAILED in 5m 57s
9 actionable tasks: 9 executed
Configuration cache entry stored.
